5:58:51 PM Saturday, September 4, 2021|Speaker.play:10000.000000Hz,100.000000ms
5:58:51 PM Saturday, September 4, 2021|Speaker.play:10000.000000Hz,100.000000ms
5:58:52 PM Saturday, September 4, 2021|Speaker.play:5000.000000Hz,100.000000ms
5:58:52 PM Saturday, September 4, 2021|Speaker.play:10000.000000Hz,100.000000ms
5:58:53 PM Saturday, September 4, 2021|Speaker.play:5000.000000Hz,100.000000ms
5:58:53 PM Saturday, September 4, 2021|Speaker.play:10000.000000Hz,100.000000ms
5:58:54 PM Saturday, September 4, 2021|Speaker.play:5000.000000Hz,100.000000ms
5:58:54 PM Saturday, September 4, 2021|Speaker.play:10000.000000Hz,100.000000ms
5:58:55 PM Saturday, September 4, 2021|Speaker.play:5000.000000Hz,100.000000ms
5:58:56 PM Saturday, September 4, 2021|Speaker.play:5000.000000Hz,100.000000ms
5:59:19 PM Saturday, September 4, 2021|Speaker.play:10000.000000Hz,100.000000ms
5:59:20 PM Saturday, September 4, 2021|Speaker.play:10000.000000Hz,100.000000ms
5:59:21 PM Saturday, September 4, 2021|Speaker.play:5000.000000Hz,100.000000ms
5:59:21 PM Saturday, September 4, 2021|Speaker.play:10000.000000Hz,100.000000ms
5:59:22 PM Saturday, September 4, 2021|Speaker.play:10000.000000Hz,100.000000ms
5:59:22 PM Saturday, September 4, 2021|Speaker.play:10000.000000Hz,100.000000ms
5:59:23 PM Saturday, September 4, 2021|Speaker.play:5000.000000Hz,100.000000ms
5:59:23 PM Saturday, September 4, 2021|Speaker.play:10000.000000Hz,100.000000ms
5:59:28 PM Saturday, September 4, 2021|Speaker.play:10000.000000Hz,100.000000ms
5:59:29 PM Saturday, September 4, 2021|Speaker.play:10000.000000Hz,100.000000ms
5:59:29 PM Saturday, September 4, 2021|Speaker.play:5000.000000Hz,100.000000ms
5:59:30 PM Saturday, September 4, 2021|Speaker.play:5000.000000Hz,100.000000ms
5:59:30 PM Saturday, September 4, 2021|Speaker.play:10000.000000Hz,100.000000ms
5:59:31 PM Saturday, September 4, 2021|Speaker.play:5000.000000Hz,100.000000ms
5:59:31 PM Saturday, September 4, 2021|Speaker.play:10000.000000Hz,100.000000ms
5:59:32 PM Saturday, September 4, 2021|Speaker.play:10000.000000Hz,100.000000ms
6:01:27 PM Saturday, September 4, 2021|Speaker.play:10000.000000Hz,100.000000ms
6:01:27 PM Saturday, September 4, 2021|Speaker.play:10000.000000Hz,100.000000ms
6:01:28 PM Saturday, September 4, 2021|Speaker.play:5000.000000Hz,100.000000ms
6:01:28 PM Saturday, September 4, 2021|Speaker.play:10000.000000Hz,100.000000ms
6:01:29 PM Saturday, September 4, 2021|Speaker.play:10000.000000Hz,100.000000ms
6:01:29 PM Saturday, September 4, 2021|Speaker.play:5000.000000Hz,100.000000ms
6:01:30 PM Saturday, September 4, 2021|Speaker.play:10000.000000Hz,100.000000ms
6:01:30 PM Saturday, September 4, 2021|Speaker.play:10000.000000Hz,100.000000ms
6:01:31 PM Saturday, September 4, 2021|Speaker.play:10000.000000Hz,100.000000ms
6:01:31 PM Saturday, September 4, 2021|Speaker.play:5000.000000Hz,100.000000ms
6:02:42 PM Saturday, September 4, 2021|Speaker.play:10000.000000Hz,100.000000ms
6:02:43 PM Saturday, September 4, 2021|Speaker.play:10000.000000Hz,100.000000ms
6:02:44 PM Saturday, September 4, 2021|Speaker.play:5000.000000Hz,100.000000ms
6:02:44 PM Saturday, September 4, 2021|Speaker.play:10000.000000Hz,100.000000ms
6:02:45 PM Saturday, September 4, 2021|Speaker.play:5000.000000Hz,100.000000ms
6:02:45 PM Saturday, September 4, 2021|Speaker.play:5000.000000Hz,100.000000ms
6:02:46 PM Saturday, September 4, 2021|Speaker.play:10000.000000Hz,100.000000ms
6:02:46 PM Saturday, September 4, 2021|Speaker.play:10000.000000Hz,100.000000ms
6:02:47 PM Saturday, September 4, 2021|Speaker.play:10000.000000Hz,100.000000ms
6:04:06 PM Saturday, September 4, 2021|Speaker.play:10000.000000Hz,100.000000ms
6:04:07 PM Saturday, September 4, 2021|Speaker.play:10000.000000Hz,100.000000ms
6:04:07 PM Saturday, September 4, 2021|Speaker.play:5000.000000Hz,100.000000ms
6:04:08 PM Saturday, September 4, 2021|Valve.open.100
6:04:08 PM Saturday, September 4, 2021|Speaker.play:5000.000000Hz,100.000000ms
6:04:08 PM Saturday, September 4, 2021|Valve.open.100
6:04:08 PM Saturday, September 4, 2021|Speaker.play:10000.000000Hz,100.000000ms
6:04:09 PM Saturday, September 4, 2021|Speaker.play:5000.000000Hz,100.000000ms
6:04:09 PM Saturday, September 4, 2021|Valve.open.100
6:04:09 PM Saturday, September 4, 2021|Speaker.play:5000.000000Hz,100.000000ms
6:04:09 PM Saturday, September 4, 2021|Valve.open.100
6:04:09 PM Saturday, September 4, 2021|Speaker.play:10000.000000Hz,100.000000ms
6:04:10 PM Saturday, September 4, 2021|Speaker.play:5000.000000Hz,100.000000ms
6:04:10 PM Saturday, September 4, 2021|Valve.open.100
6:04:10 PM Saturday, September 4, 2021|Speaker.play:10000.000000Hz,100.000000ms
6:04:11 PM Saturday, September 4, 2021|Speaker.play:5000.000000Hz,100.000000ms
6:04:11 PM Saturday, September 4, 2021|Valve.open.100
6:04:11 PM Saturday, September 4, 2021|Speaker.play:10000.000000Hz,100.000000ms
6:04:11 PM Saturday, September 4, 2021|Speaker.play:5000.000000Hz,100.000000ms
6:04:12 PM Saturday, September 4, 2021|Valve.open.100
6:04:12 PM Saturday, September 4, 2021|Speaker.play:5000.000000Hz,100.000000ms
6:04:12 PM Saturday, September 4, 2021|Valve.open.100
6:04:12 PM Saturday, September 4, 2021|Speaker.play:5000.000000Hz,100.000000ms
6:04:12 PM Saturday, September 4, 2021|Valve.open.100
6:04:13 PM Saturday, September 4, 2021|Speaker.play:10000.000000Hz,100.000000ms
6:04:13 PM Saturday, September 4, 2021|Speaker.play:5000.000000Hz,100.000000ms
6:04:13 PM Saturday, September 4, 2021|Valve.open.100
6:04:13 PM Saturday, September 4, 2021|Speaker.play:10000.000000Hz,100.000000ms
6:04:14 PM Saturday, September 4, 2021|Speaker.play:5000.000000Hz,100.000000ms
6:04:14 PM Saturday, September 4, 2021|Valve.open.100
6:04:14 PM Saturday, September 4, 2021|Speaker.play:10000.000000Hz,100.000000ms
6:04:15 PM Saturday, September 4, 2021|Speaker.play:5000.000000Hz,100.000000ms
6:04:15 PM Saturday, September 4, 2021|Valve.open.100
6:04:15 PM Saturday, September 4, 2021|Speaker.play:10000.000000Hz,100.000000ms
6:04:16 PM Saturday, September 4, 2021|Speaker.play:5000.000000Hz,100.000000ms
6:04:16 PM Saturday, September 4, 2021|Valve.open.100
6:04:16 PM Saturday, September 4, 2021|Speaker.play:10000.000000Hz,100.000000ms
6:04:17 PM Saturday, September 4, 2021|Speaker.play:5000.000000Hz,100.000000ms
6:04:17 PM Saturday, September 4, 2021|Valve.open.100
6:04:17 PM Saturday, September 4, 2021|Speaker.play:10000.000000Hz,100.000000ms
6:04:17 PM Saturday, September 4, 2021|Speaker.play:5000.000000Hz,100.000000ms
6:04:18 PM Saturday, September 4, 2021|Valve.open.100
6:04:18 PM Saturday, September 4, 2021|Speaker.play:10000.000000Hz,100.000000ms
6:04:18 PM Saturday, September 4, 2021|Speaker.play:5000.000000Hz,100.000000ms
6:04:19 PM Saturday, September 4, 2021|Valve.open.100
6:04:19 PM Saturday, September 4, 2021|Speaker.play:10000.000000Hz,100.000000ms
6:04:19 PM Saturday, September 4, 2021|Speaker.play:5000.000000Hz,100.000000ms
6:04:19 PM Saturday, September 4, 2021|Valve.open.100
6:04:20 PM Saturday, September 4, 2021|Speaker.play:5000.000000Hz,100.000000ms
6:04:20 PM Saturday, September 4, 2021|Valve.open.100
6:04:20 PM Saturday, September 4, 2021|Speaker.play:5000.000000Hz,100.000000ms
6:04:20 PM Saturday, September 4, 2021|Valve.open.100
6:04:20 PM Saturday, September 4, 2021|Speaker.play:10000.000000Hz,100.000000ms
6:04:21 PM Saturday, September 4, 2021|Speaker.play:5000.000000Hz,100.000000ms
6:04:21 PM Saturday, September 4, 2021|Valve.open.100
6:04:21 PM Saturday, September 4, 2021|Speaker.play:10000.000000Hz,100.000000ms
6:04:22 PM Saturday, September 4, 2021|Speaker.play:10000.000000Hz,100.000000ms
6:04:22 PM Saturday, September 4, 2021|Speaker.play:10000.000000Hz,100.000000ms
6:04:23 PM Saturday, September 4, 2021|Speaker.play:5000.000000Hz,100.000000ms
6:04:23 PM Saturday, September 4, 2021|Valve.open.100
6:04:23 PM Saturday, September 4, 2021|Speaker.play:10000.000000Hz,100.000000ms
6:04:24 PM Saturday, September 4, 2021|Speaker.play:5000.000000Hz,100.000000ms
6:04:24 PM Saturday, September 4, 2021|Valve.open.100
6:04:24 PM Saturday, September 4, 2021|Speaker.play:10000.000000Hz,100.000000ms
6:04:25 PM Saturday, September 4, 2021|Speaker.play:5000.000000Hz,100.000000ms
6:04:25 PM Saturday, September 4, 2021|Valve.open.100
6:04:25 PM Saturday, September 4, 2021|Speaker.play:10000.000000Hz,100.000000ms
6:04:25 PM Saturday, September 4, 2021|Speaker.play:5000.000000Hz,100.000000ms
6:04:26 PM Saturday, September 4, 2021|Valve.open.100
6:04:26 PM Saturday, September 4, 2021|Speaker.play:5000.000000Hz,100.000000ms
6:04:26 PM Saturday, September 4, 2021|Valve.open.100
6:04:26 PM Saturday, September 4, 2021|Speaker.play:10000.000000Hz,100.000000ms
6:04:27 PM Saturday, September 4, 2021|Speaker.play:10000.000000Hz,100.000000ms
6:04:27 PM Saturday, September 4, 2021|Speaker.play:5000.000000Hz,100.000000ms
6:04:27 PM Saturday, September 4, 2021|Valve.open.100
6:04:28 PM Saturday, September 4, 2021|Speaker.play:5000.000000Hz,100.000000ms
6:04:28 PM Saturday, September 4, 2021|Valve.open.100
6:04:28 PM Saturday, September 4, 2021|Speaker.play:10000.000000Hz,100.000000ms
6:04:29 PM Saturday, September 4, 2021|Speaker.play:10000.000000Hz,100.000000ms
6:04:29 PM Saturday, September 4, 2021|Speaker.play:10000.000000Hz,100.000000ms
6:04:30 PM Saturday, September 4, 2021|Speaker.play:5000.000000Hz,100.000000ms
6:04:30 PM Saturday, September 4, 2021|Valve.open.100
6:04:30 PM Saturday, September 4, 2021|Speaker.play:10000.000000Hz,100.000000ms
6:04:30 PM Saturday, September 4, 2021|Speaker.play:5000.000000Hz,100.000000ms
6:04:31 PM Saturday, September 4, 2021|Valve.open.100
6:04:31 PM Saturday, September 4, 2021|Speaker.play:5000.000000Hz,100.000000ms
6:04:31 PM Saturday, September 4, 2021|Valve.open.100
6:04:31 PM Saturday, September 4, 2021|Speaker.play:10000.000000Hz,100.000000ms
6:04:32 PM Saturday, September 4, 2021|Speaker.play:10000.000000Hz,100.000000ms
6:04:32 PM Saturday, September 4, 2021|Speaker.play:5000.000000Hz,100.000000ms
6:04:32 PM Saturday, September 4, 2021|Valve.open.100
6:04:33 PM Saturday, September 4, 2021|Speaker.play:5000.000000Hz,100.000000ms
6:04:33 PM Saturday, September 4, 2021|Valve.open.100
6:04:33 PM Saturday, September 4, 2021|Speaker.play:10000.000000Hz,100.000000ms
6:04:33 PM Saturday, September 4, 2021|Speaker.play:5000.000000Hz,100.000000ms
6:04:34 PM Saturday, September 4, 2021|Valve.open.100
6:04:34 PM Saturday, September 4, 2021|Speaker.play:5000.000000Hz,100.000000ms
6:04:34 PM Saturday, September 4, 2021|Valve.open.100
6:04:34 PM Saturday, September 4, 2021|Speaker.play:5000.000000Hz,100.000000ms
6:04:34 PM Saturday, September 4, 2021|Valve.open.100
6:04:35 PM Saturday, September 4, 2021|Speaker.play:10000.000000Hz,100.000000ms
6:04:35 PM Saturday, September 4, 2021|Speaker.play:10000.000000Hz,100.000000ms
6:04:36 PM Saturday, September 4, 2021|Speaker.play:5000.000000Hz,100.000000ms
6:04:36 PM Saturday, September 4, 2021|Valve.open.100
6:04:36 PM Saturday, September 4, 2021|Speaker.play:10000.000000Hz,100.000000ms
6:04:36 PM Saturday, September 4, 2021|Speaker.play:10000.000000Hz,100.000000ms
6:04:37 PM Saturday, September 4, 2021|Speaker.play:10000.000000Hz,100.000000ms
6:04:38 PM Saturday, September 4, 2021|Speaker.play:5000.000000Hz,100.000000ms
6:04:38 PM Saturday, September 4, 2021|Valve.open.100
6:04:38 PM Saturday, September 4, 2021|Speaker.play:5000.000000Hz,100.000000ms
6:04:38 PM Saturday, September 4, 2021|Valve.open.100
6:04:38 PM Saturday, September 4, 2021|Speaker.play:5000.000000Hz,100.000000ms
6:04:39 PM Saturday, September 4, 2021|Valve.open.100
6:04:39 PM Saturday, September 4, 2021|Speaker.play:10000.000000Hz,100.000000ms
6:04:39 PM Saturday, September 4, 2021|Speaker.play:10000.000000Hz,100.000000ms
6:04:40 PM Saturday, September 4, 2021|Speaker.play:10000.000000Hz,100.000000ms
6:04:40 PM Saturday, September 4, 2021|Speaker.play:5000.000000Hz,100.000000ms
6:04:40 PM Saturday, September 4, 2021|Valve.open.100
6:04:41 PM Saturday, September 4, 2021|Speaker.play:10000.000000Hz,100.000000ms
6:04:41 PM Saturday, September 4, 2021|Speaker.play:5000.000000Hz,100.000000ms
6:04:41 PM Saturday, September 4, 2021|Valve.open.100
6:04:42 PM Saturday, September 4, 2021|Speaker.play:5000.000000Hz,100.000000ms
6:04:42 PM Saturday, September 4, 2021|Valve.open.100
6:04:42 PM Saturday, September 4, 2021|Speaker.play:10000.000000Hz,100.000000ms
6:04:43 PM Saturday, September 4, 2021|Speaker.play:10000.000000Hz,100.000000ms
6:04:43 PM Saturday, September 4, 2021|Speaker.play:5000.000000Hz,100.000000ms
6:04:43 PM Saturday, September 4, 2021|Valve.open.100
6:04:43 PM Saturday, September 4, 2021|Speaker.play:5000.000000Hz,100.000000ms
6:04:44 PM Saturday, September 4, 2021|Valve.open.100
6:04:44 PM Saturday, September 4, 2021|Speaker.play:5000.000000Hz,100.000000ms
6:04:44 PM Saturday, September 4, 2021|Valve.open.100
6:04:44 PM Saturday, September 4, 2021|Speaker.play:10000.000000Hz,100.000000ms
6:04:45 PM Saturday, September 4, 2021|Speaker.play:5000.000000Hz,100.000000ms
6:04:45 PM Saturday, September 4, 2021|Valve.open.100
6:04:45 PM Saturday, September 4, 2021|Speaker.play:10000.000000Hz,100.000000ms
6:04:46 PM Saturday, September 4, 2021|Speaker.play:5000.000000Hz,100.000000ms
6:04:46 PM Saturday, September 4, 2021|Valve.open.100
6:04:46 PM Saturday, September 4, 2021|Speaker.play:10000.000000Hz,100.000000ms
6:04:47 PM Saturday, September 4, 2021|Speaker.play:10000.000000Hz,100.000000ms
6:04:47 PM Saturday, September 4, 2021|Speaker.play:5000.000000Hz,100.000000ms
6:04:47 PM Saturday, September 4, 2021|Valve.open.100
6:04:47 PM Saturday, September 4, 2021|Speaker.play:10000.000000Hz,100.000000ms
6:04:48 PM Saturday, September 4, 2021|Speaker.play:10000.000000Hz,100.000000ms
6:04:48 PM Saturday, September 4, 2021|Speaker.play:10000.000000Hz,100.000000ms
6:04:49 PM Saturday, September 4, 2021|Speaker.play:5000.000000Hz,100.000000ms
6:04:49 PM Saturday, September 4, 2021|Valve.open.100
6:04:49 PM Saturday, September 4, 2021|Speaker.play:10000.000000Hz,100.000000ms
6:04:50 PM Saturday, September 4, 2021|Speaker.play:5000.000000Hz,100.000000ms
6:04:50 PM Saturday, September 4, 2021|Valve.open.100
6:04:50 PM Saturday, September 4, 2021|Speaker.play:10000.000000Hz,100.000000ms
6:07:45 PM Saturday, September 4, 2021|Speaker.play:5000.000000Hz,100.000000ms
6:07:46 PM Saturday, September 4, 2021|Valve.open.100
6:07:50 PM Saturday, September 4, 2021|Speaker.play:10000.000000Hz,100.000000ms
6:07:55 PM Saturday, September 4, 2021|Speaker.play:5000.000000Hz,100.000000ms
6:07:56 PM Saturday, September 4, 2021|Valve.open.100
6:08:01 PM Saturday, September 4, 2021|Speaker.play:5000.000000Hz,100.000000ms
6:08:01 PM Saturday, September 4, 2021|Valve.open.100
6:08:25 PM Saturday, September 4, 2021|Speaker.play:5000.000000Hz,100.000000ms
6:08:25 PM Saturday, September 4, 2021|Valve.open.100
6:08:26 PM Saturday, September 4, 2021|Speaker.play:5000.000000Hz,100.000000ms
6:08:27 PM Saturday, September 4, 2021|Valve.open.100
6:08:28 PM Saturday, September 4, 2021|Speaker.play:5000.000000Hz,100.000000ms
6:08:28 PM Saturday, September 4, 2021|Valve.open.100
6:08:30 PM Saturday, September 4, 2021|Speaker.play:10000.000000Hz,100.000000ms
6:08:58 PM Saturday, September 4, 2021|Speaker.play:5000.000000Hz,100.000000ms
6:08:58 PM Saturday, September 4, 2021|Valve.open.100
6:08:59 PM Saturday, September 4, 2021|Speaker.play:5000.000000Hz,100.000000ms
6:09:00 PM Saturday, September 4, 2021|Valve.open.100
6:09:01 PM Saturday, September 4, 2021|Speaker.play:10000.000000Hz,100.000000ms
6:09:03 PM Saturday, September 4, 2021|Speaker.play:5000.000000Hz,100.000000ms
6:09:03 PM Saturday, September 4, 2021|Valve.open.100
6:09:04 PM Saturday, September 4, 2021|Speaker.play:5000.000000Hz,100.000000ms
6:09:05 PM Saturday, September 4, 2021|Valve.open.100
6:09:06 PM Saturday, September 4, 2021|Speaker.play:10000.000000Hz,100.000000ms
6:09:08 PM Saturday, September 4, 2021|Speaker.play:10000.000000Hz,100.000000ms
6:09:10 PM Saturday, September 4, 2021|Speaker.play:5000.000000Hz,100.000000ms
6:09:10 PM Saturday, September 4, 2021|Valve.open.100
6:09:11 PM Saturday, September 4, 2021|Speaker.play:5000.000000Hz,100.000000ms
6:09:12 PM Saturday, September 4, 2021|Valve.open.100
6:09:13 PM Saturday, September 4, 2021|Speaker.play:10000.000000Hz,100.000000ms
6:09:15 PM Saturday, September 4, 2021|Speaker.play:10000.000000Hz,100.000000ms
6:09:17 PM Saturday, September 4, 2021|Speaker.play:5000.000000Hz,100.000000ms
6:09:17 PM Saturday, September 4, 2021|Valve.open.100
6:09:18 PM Saturday, September 4, 2021|Speaker.play:5000.000000Hz,100.000000ms
6:09:19 PM Saturday, September 4, 2021|Valve.open.100
6:09:20 PM Saturday, September 4, 2021|Speaker.play:10000.000000Hz,100.000000ms
6:09:22 PM Saturday, September 4, 2021|Speaker.play:5000.000000Hz,100.000000ms
6:09:22 PM Saturday, September 4, 2021|Valve.open.100
6:09:23 PM Saturday, September 4, 2021|Speaker.play:5000.000000Hz,100.000000ms
6:09:24 PM Saturday, September 4, 2021|Valve.open.100
6:09:25 PM Saturday, September 4, 2021|Speaker.play:10000.000000Hz,100.000000ms
6:09:27 PM Saturday, September 4, 2021|Speaker.play:10000.000000Hz,100.000000ms
6:09:28 PM Saturday, September 4, 2021|Speaker.play:10000.000000Hz,100.000000ms
6:09:30 PM Saturday, September 4, 2021|Speaker.play:5000.000000Hz,100.000000ms
6:09:31 PM Saturday, September 4, 2021|Valve.open.100
6:09:32 PM Saturday, September 4, 2021|Speaker.play:10000.000000Hz,100.000000ms
6:09:34 PM Saturday, September 4, 2021|Speaker.play:10000.000000Hz,100.000000ms
6:09:35 PM Saturday, September 4, 2021|Speaker.play:5000.000000Hz,100.000000ms
6:09:36 PM Saturday, September 4, 2021|Valve.open.100
6:09:37 PM Saturday, September 4, 2021|Speaker.play:10000.000000Hz,100.000000ms
6:09:39 PM Saturday, September 4, 2021|Speaker.play:5000.000000Hz,100.000000ms
6:09:39 PM Saturday, September 4, 2021|Valve.open.100
6:09:40 PM Saturday, September 4, 2021|Speaker.play:5000.000000Hz,100.000000ms
6:09:41 PM Saturday, September 4, 2021|Valve.open.100
6:09:42 PM Saturday, September 4, 2021|Speaker.play:10000.000000Hz,100.000000ms
6:09:44 PM Saturday, September 4, 2021|Speaker.play:10000.000000Hz,100.000000ms
6:09:46 PM Saturday, September 4, 2021|Speaker.play:5000.000000Hz,100.000000ms
6:09:46 PM Saturday, September 4, 2021|Valve.open.100
6:09:47 PM Saturday, September 4, 2021|Speaker.play:10000.000000Hz,100.000000ms
6:09:49 PM Saturday, September 4, 2021|Speaker.play:10000.000000Hz,100.000000ms
6:09:51 PM Saturday, September 4, 2021|Speaker.play:5000.000000Hz,100.000000ms
6:09:51 PM Saturday, September 4, 2021|Valve.open.100
6:09:52 PM Saturday, September 4, 2021|Speaker.play:10000.000000Hz,100.000000ms
6:09:54 PM Saturday, September 4, 2021|Speaker.play:10000.000000Hz,100.000000ms
6:09:56 PM Saturday, September 4, 2021|Speaker.play:5000.000000Hz,100.000000ms
6:09:57 PM Saturday, September 4, 2021|Valve.open.100
6:09:58 PM Saturday, September 4, 2021|Speaker.play:5000.000000Hz,100.000000ms
6:09:58 PM Saturday, September 4, 2021|Valve.open.100
6:09:59 PM Saturday, September 4, 2021|Speaker.play:10000.000000Hz,100.000000ms
6:10:01 PM Saturday, September 4, 2021|Speaker.play:5000.000000Hz,100.000000ms
6:10:02 PM Saturday, September 4, 2021|Valve.open.100
6:10:03 PM Saturday, September 4, 2021|Speaker.play:10000.000000Hz,100.000000ms
6:10:05 PM Saturday, September 4, 2021|Speaker.play:10000.000000Hz,100.000000ms
6:12:34 PM Saturday, September 4, 2021|Speaker.play:5000.000000Hz,100.000000ms
6:12:35 PM Saturday, September 4, 2021|Valve.open.100
6:12:36 PM Saturday, September 4, 2021|Speaker.play:5000.000000Hz,100.000000ms
6:12:36 PM Saturday, September 4, 2021|Valve.open.100
6:12:37 PM Saturday, September 4, 2021|Speaker.play:5000.000000Hz,100.000000ms
6:12:38 PM Saturday, September 4, 2021|Valve.open.100
6:12:39 PM Saturday, September 4, 2021|Speaker.play:10000.000000Hz,100.000000ms
6:12:41 PM Saturday, September 4, 2021|Speaker.play:5000.000000Hz,100.000000ms
6:12:41 PM Saturday, September 4, 2021|Valve.open.100
6:12:42 PM Saturday, September 4, 2021|Speaker.play:10000.000000Hz,100.000000ms
6:12:44 PM Saturday, September 4, 2021|Speaker.play:10000.000000Hz,100.000000ms
6:12:46 PM Saturday, September 4, 2021|Speaker.play:5000.000000Hz,100.000000ms
6:12:46 PM Saturday, September 4, 2021|Valve.open.100
6:12:47 PM Saturday, September 4, 2021|Speaker.play:5000.000000Hz,100.000000ms
6:12:48 PM Saturday, September 4, 2021|Valve.open.100
6:12:49 PM Saturday, September 4, 2021|Speaker.play:10000.000000Hz,100.000000ms
6:12:51 PM Saturday, September 4, 2021|Speaker.play:10000.000000Hz,100.000000ms
6:12:53 PM Saturday, September 4, 2021|Speaker.play:10000.000000Hz,100.000000ms
6:12:54 PM Saturday, September 4, 2021|Speaker.play:5000.000000Hz,100.000000ms
6:12:55 PM Saturday, September 4, 2021|Valve.open.100
6:12:56 PM Saturday, September 4, 2021|Speaker.play:10000.000000Hz,100.000000ms
6:12:58 PM Saturday, September 4, 2021|Speaker.play:5000.000000Hz,100.000000ms
6:12:58 PM Saturday, September 4, 2021|Valve.open.100
6:12:59 PM Saturday, September 4, 2021|Speaker.play:10000.000000Hz,100.000000ms
6:13:01 PM Saturday, September 4, 2021|Speaker.play:10000.000000Hz,100.000000ms
6:13:03 PM Saturday, September 4, 2021|Speaker.play:5000.000000Hz,100.000000ms
6:13:04 PM Saturday, September 4, 2021|Valve.open.100
6:13:05 PM Saturday, September 4, 2021|Speaker.play:5000.000000Hz,100.000000ms
6:13:05 PM Saturday, September 4, 2021|Valve.open.100
6:13:06 PM Saturday, September 4, 2021|Speaker.play:5000.000000Hz,100.000000ms
6:13:07 PM Saturday, September 4, 2021|Valve.open.100
6:13:08 PM Saturday, September 4, 2021|Speaker.play:10000.000000Hz,100.000000ms
6:13:10 PM Saturday, September 4, 2021|Speaker.play:5000.000000Hz,100.000000ms
6:13:10 PM Saturday, September 4, 2021|Valve.open.100
6:13:11 PM Saturday, September 4, 2021|Speaker.play:5000.000000Hz,100.000000ms
6:13:12 PM Saturday, September 4, 2021|Valve.open.100
6:13:13 PM Saturday, September 4, 2021|Speaker.play:10000.000000Hz,100.000000ms
6:13:15 PM Saturday, September 4, 2021|Speaker.play:10000.000000Hz,100.000000ms
6:13:16 PM Saturday, September 4, 2021|Speaker.play:10000.000000Hz,100.000000ms
6:13:18 PM Saturday, September 4, 2021|Speaker.play:5000.000000Hz,100.000000ms
6:13:19 PM Saturday, September 4, 2021|Valve.open.100
6:13:20 PM Saturday, September 4, 2021|Speaker.play:5000.000000Hz,100.000000ms
6:13:20 PM Saturday, September 4, 2021|Valve.open.100
6:13:21 PM Saturday, September 4, 2021|Speaker.play:5000.000000Hz,100.000000ms
6:13:22 PM Saturday, September 4, 2021|Valve.open.100
6:13:23 PM Saturday, September 4, 2021|Speaker.play:10000.000000Hz,100.000000ms
6:13:25 PM Saturday, September 4, 2021|Speaker.play:10000.000000Hz,100.000000ms
6:13:27 PM Saturday, September 4, 2021|Speaker.play:5000.000000Hz,100.000000ms
6:13:27 PM Saturday, September 4, 2021|Valve.open.100
6:13:28 PM Saturday, September 4, 2021|Speaker.play:5000.000000Hz,100.000000ms
6:13:29 PM Saturday, September 4, 2021|Valve.open.100
6:13:30 PM Saturday, September 4, 2021|Speaker.play:10000.000000Hz,100.000000ms
6:13:32 PM Saturday, September 4, 2021|Speaker.play:10000.000000Hz,100.000000ms
6:13:33 PM Saturday, September 4, 2021|Speaker.play:5000.000000Hz,100.000000ms
6:13:34 PM Saturday, September 4, 2021|Valve.open.100
6:13:35 PM Saturday, September 4, 2021|Speaker.play:10000.000000Hz,100.000000ms
6:13:37 PM Saturday, September 4, 2021|Speaker.play:10000.000000Hz,100.000000ms
6:13:39 PM Saturday, September 4, 2021|Speaker.play:5000.000000Hz,100.000000ms
6:13:39 PM Saturday, September 4, 2021|Valve.open.100
6:13:40 PM Saturday, September 4, 2021|Speaker.play:10000.000000Hz,100.000000ms
6:13:42 PM Saturday, September 4, 2021|Speaker.play:5000.000000Hz,100.000000ms
6:13:43 PM Saturday, September 4, 2021|Valve.open.100
6:13:44 PM Saturday, September 4, 2021|Speaker.play:5000.000000Hz,100.000000ms
6:13:44 PM Saturday, September 4, 2021|Valve.open.100
6:13:45 PM Saturday, September 4, 2021|Speaker.play:10000.000000Hz,100.000000ms
6:13:47 PM Saturday, September 4, 2021|Speaker.play:10000.000000Hz,100.000000ms
6:13:49 PM Saturday, September 4, 2021|Speaker.play:5000.000000Hz,100.000000ms
6:13:49 PM Saturday, September 4, 2021|Valve.open.100
6:13:50 PM Saturday, September 4, 2021|Speaker.play:5000.000000Hz,100.000000ms
6:13:51 PM Saturday, September 4, 2021|Valve.open.100
6:13:52 PM Saturday, September 4, 2021|Speaker.play:10000.000000Hz,100.000000ms
6:13:54 PM Saturday, September 4, 2021|Speaker.play:5000.000000Hz,100.000000ms
6:13:54 PM Saturday, September 4, 2021|Valve.open.100
6:13:55 PM Saturday, September 4, 2021|Speaker.play:10000.000000Hz,100.000000ms
6:13:57 PM Saturday, September 4, 2021|Speaker.play:10000.000000Hz,100.000000ms
6:17:02 PM Saturday, September 4, 2021|Speaker.play:5000.000000Hz,100.000000ms
6:17:07 PM Saturday, September 4, 2021|Valve.open.100
6:17:08 PM Saturday, September 4, 2021|Speaker.play:5000.000000Hz,100.000000ms
6:17:13 PM Saturday, September 4, 2021|Valve.open.100
6:17:14 PM Saturday, September 4, 2021|Speaker.play:5000.000000Hz,100.000000ms
6:17:19 PM Saturday, September 4, 2021|Valve.open.100
6:17:20 PM Saturday, September 4, 2021|Speaker.play:10000.000000Hz,100.000000ms
6:17:27 PM Saturday, September 4, 2021|Speaker.play:5000.000000Hz,100.000000ms
6:17:32 PM Saturday, September 4, 2021|Valve.open.100
6:17:33 PM Saturday, September 4, 2021|Speaker.play:5000.000000Hz,100.000000ms
6:17:38 PM Saturday, September 4, 2021|Valve.open.100
6:17:39 PM Saturday, September 4, 2021|Speaker.play:10000.000000Hz,100.000000ms
6:17:45 PM Saturday, September 4, 2021|Speaker.play:5000.000000Hz,100.000000ms
6:17:50 PM Saturday, September 4, 2021|Valve.open.100
6:17:51 PM Saturday, September 4, 2021|Speaker.play:5000.000000Hz,100.000000ms
6:17:56 PM Saturday, September 4, 2021|Valve.open.100
6:17:57 PM Saturday, September 4, 2021|Speaker.play:10000.000000Hz,100.000000ms
6:18:04 PM Saturday, September 4, 2021|Speaker.play:5000.000000Hz,100.000000ms
6:18:09 PM Saturday, September 4, 2021|Valve.open.100
6:18:10 PM Saturday, September 4, 2021|Speaker.play:10000.000000Hz,100.000000ms
6:18:35 PM Saturday, September 4, 2021|Speaker.play:5000.000000Hz,100.000000ms
6:18:40 PM Saturday, September 4, 2021|Valve.open.100
6:18:41 PM Saturday, September 4, 2021|Speaker.play:10000.000000Hz,100.000000ms
6:18:47 PM Saturday, September 4, 2021|Speaker.play:10000.000000Hz,100.000000ms
6:18:54 PM Saturday, September 4, 2021|Speaker.play:5000.000000Hz,100.000000ms
6:18:59 PM Saturday, September 4, 2021|Valve.open.100
6:19:00 PM Saturday, September 4, 2021|Speaker.play:10000.000000Hz,100.000000ms
6:19:06 PM Saturday, September 4, 2021|Speaker.play:10000.000000Hz,100.000000ms
6:19:12 PM Saturday, September 4, 2021|Speaker.play:5000.000000Hz,100.000000ms
6:19:17 PM Saturday, September 4, 2021|Valve.open.100
6:19:18 PM Saturday, September 4, 2021|Speaker.play:10000.000000Hz,100.000000ms
6:19:25 PM Saturday, September 4, 2021|Speaker.play:10000.000000Hz,100.000000ms
6:19:31 PM Saturday, September 4, 2021|Speaker.play:5000.000000Hz,100.000000ms
6:19:36 PM Saturday, September 4, 2021|Valve.open.100
6:19:37 PM Saturday, September 4, 2021|Speaker.play:10000.000000Hz,100.000000ms
6:19:43 PM Saturday, September 4, 2021|Speaker.play:10000.000000Hz,100.000000ms
6:19:50 PM Saturday, September 4, 2021|Speaker.play:10000.000000Hz,100.000000ms
6:19:56 PM Saturday, September 4, 2021|Speaker.play:5000.000000Hz,100.000000ms
6:20:01 PM Saturday, September 4, 2021|Valve.open.100
6:20:02 PM Saturday, September 4, 2021|Speaker.play:5000.000000Hz,100.000000ms
6:20:07 PM Saturday, September 4, 2021|Valve.open.100
6:20:08 PM Saturday, September 4, 2021|Speaker.play:5000.000000Hz,100.000000ms
6:20:13 PM Saturday, September 4, 2021|Valve.open.100
6:20:14 PM Saturday, September 4, 2021|Speaker.play:10000.000000Hz,100.000000ms
6:20:20 PM Saturday, September 4, 2021|Speaker.play:5000.000000Hz,100.000000ms
6:20:26 PM Saturday, September 4, 2021|Valve.open.100
6:22:29 PM Saturday, September 4, 2021|Speaker.play:10000.000000Hz,100.000000ms
6:22:36 PM Saturday, September 4, 2021|Speaker.play:5000.000000Hz,100.000000ms
6:22:41 PM Saturday, September 4, 2021|Valve.open.100
6:22:42 PM Saturday, September 4, 2021|Speaker.play:5000.000000Hz,100.000000ms
6:22:48 PM Saturday, September 4, 2021|Speaker.play:5000.000000Hz,100.000000ms
6:22:54 PM Saturday, September 4, 2021|Speaker.play:10000.000000Hz,100.000000ms
6:22:59 PM Saturday, September 4, 2021|Valve.open.100
6:23:01 PM Saturday, September 4, 2021|Speaker.play:10000.000000Hz,100.000000ms
6:23:06 PM Saturday, September 4, 2021|Valve.open.100
6:23:07 PM Saturday, September 4, 2021|Speaker.play:5000.000000Hz,100.000000ms
6:23:12 PM Saturday, September 4, 2021|Valve.open.100
6:23:13 PM Saturday, September 4, 2021|Speaker.play:5000.000000Hz,100.000000ms
6:23:18 PM Saturday, September 4, 2021|Valve.open.100
6:25:34 PM Saturday, September 4, 2021|Speaker.play:10000.000000Hz,100.000000ms
6:25:40 PM Saturday, September 4, 2021|Valve.open.100
6:25:45 PM Saturday, September 4, 2021|Speaker.play:10000.000000Hz,100.000000ms
6:25:50 PM Saturday, September 4, 2021|Valve.open.100
6:25:55 PM Saturday, September 4, 2021|Speaker.play:5000.000000Hz,100.000000ms
6:26:00 PM Saturday, September 4, 2021|Valve.open.100
6:27:21 PM Saturday, September 4, 2021|Speaker.play:10000.000000Hz,100.000000ms
6:27:32 PM Saturday, September 4, 2021|Speaker.play:10000.000000Hz,100.000000ms
6:27:42 PM Saturday, September 4, 2021|Speaker.play:10000.000000Hz,100.000000ms
6:27:47 PM Saturday, September 4, 2021|Valve.open.100
6:27:52 PM Saturday, September 4, 2021|Speaker.play:5000.000000Hz,100.000000ms
6:28:02 PM Saturday, September 4, 2021|Speaker.play:10000.000000Hz,100.000000ms
6:28:08 PM Saturday, September 4, 2021|Valve.open.100
6:28:13 PM Saturday, September 4, 2021|Speaker.play:5000.000000Hz,100.000000ms
6:28:18 PM Saturday, September 4, 2021|Valve.open.100
